Joueur Gnognak le Barbare joué par Florian
Classe : ADVENTURER
Argent : 200 pièces d'or
Points de vie : 60/100
Niveau : 2 (XP totale : 20)

Capacités :
   DEF : 1
   ATK : 3
   CHA : 3
   INT : 2

Inventaire :
   Épée en bois
